../Drivers/custom_driver/mcal/isr_bridge.cpp:12:17:void EXTI0_IRQHandler()	8	static
../Drivers/custom_driver/mcal/isr_bridge.cpp:13:17:void EXTI1_IRQHandler()	8	static
../Drivers/custom_driver/mcal/isr_bridge.cpp:14:17:void EXTI2_IRQHandler()	8	static
../Drivers/custom_driver/mcal/isr_bridge.cpp:15:17:void EXTI3_IRQHandler()	8	static
../Drivers/custom_driver/mcal/isr_bridge.cpp:16:17:void EXTI4_IRQHandler()	8	static
../Drivers/custom_driver/mcal/isr_bridge.cpp:17:17:void EXTI9_5_IRQHandler()	16	static
../Drivers/custom_driver/mcal/isr_bridge.cpp:18:17:void EXTI15_10_IRQHandler()	16	static
../Drivers/custom_driver/mcal/isr_bridge.cpp:23:17:void TIM1_UP_IRQHandler()	8	static
../Drivers/custom_driver/mcal/isr_bridge.cpp:24:17:void TIM2_IRQHandler()	8	static
../Drivers/custom_driver/mcal/isr_bridge.cpp:25:17:void TIM3_IRQHandler()	8	static
../Drivers/custom_driver/mcal/isr_bridge.cpp:26:17:void TIM4_IRQHandler()	8	static
