Archive member included to satisfy reference by file (symbol)

/app/stm32cubeide/plugins/com.st.stm32cube.ide.mcu.externaltools.gnu-tools-for-stm32.10.3-2021.10.linux64_1.0.200.202301161003/tools/bin/../lib/gcc/arm-none-eabi/10.3.1/../../../../arm-none-eabi/lib/thumb/v7-m/nofp/libstdc++_nano.a(new_op.o)
                              ./Drivers/custom_driver/hal/dc_motor/dc_motor.o (operator new(unsigned int))
/app/stm32cubeide/plugins/com.st.stm32cube.ide.mcu.externaltools.gnu-tools-for-stm32.10.3-2021.10.linux64_1.0.200.202301161003/tools/bin/../lib/gcc/arm-none-eabi/10.3.1/../../../../arm-none-eabi/lib/thumb/v7-m/nofp/libstdc++_nano.a(new_handler.o)
                              /app/stm32cubeide/plugins/com.st.stm32cube.ide.mcu.externaltools.gnu-tools-for-stm32.10.3-2021.10.linux64_1.0.200.202301161003/tools/bin/../lib/gcc/arm-none-eabi/10.3.1/../../../../arm-none-eabi/lib/thumb/v7-m/nofp/libstdc++_nano.a(new_op.o) (std::get_new_handler())
/app/stm32cubeide/plugins/com.st.stm32cube.ide.mcu.externaltools.gnu-tools-for-stm32.10.3-2021.10.linux64_1.0.200.202301161003/tools/bin/../lib/gcc/arm-none-eabi/10.3.1/../../../../arm-none-eabi/lib/thumb/v7-m/nofp/libc_nano.a(lib_a-abort.o)
                              /app/stm32cubeide/plugins/com.st.stm32cube.ide.mcu.externaltools.gnu-tools-for-stm32.10.3-2021.10.linux64_1.0.200.202301161003/tools/bin/../lib/gcc/arm-none-eabi/10.3.1/../../../../arm-none-eabi/lib/thumb/v7-m/nofp/libstdc++_nano.a(new_op.o) (abort)
/app/stm32cubeide/plugins/com.st.stm32cube.ide.mcu.externaltools.gnu-tools-for-stm32.10.3-2021.10.linux64_1.0.200.202301161003/tools/bin/../lib/gcc/arm-none-eabi/10.3.1/../../../../arm-none-eabi/lib/thumb/v7-m/nofp/libc_nano.a(lib_a-errno.o)
                              ./Core/Src/syscalls.o (__errno)
/app/stm32cubeide/plugins/com.st.stm32cube.ide.mcu.externaltools.gnu-tools-for-stm32.10.3-2021.10.linux64_1.0.200.202301161003/tools/bin/../lib/gcc/arm-none-eabi/10.3.1/../../../../arm-none-eabi/lib/thumb/v7-m/nofp/libc_nano.a(lib_a-exit.o)
                              /app/stm32cubeide/plugins/com.st.stm32cube.ide.mcu.externaltools.gnu-tools-for-stm32.10.3-2021.10.linux64_1.0.200.202301161003/tools/bin/../lib/gcc/arm-none-eabi/10.3.1/../../../../arm-none-eabi/lib/thumb/v7-m/nofp/crt0.o (exit)
/app/stm32cubeide/plugins/com.st.stm32cube.ide.mcu.externaltools.gnu-tools-for-stm32.10.3-2021.10.linux64_1.0.200.202301161003/tools/bin/../lib/gcc/arm-none-eabi/10.3.1/../../../../arm-none-eabi/lib/thumb/v7-m/nofp/libc_nano.a(lib_a-impure.o)
                              /app/stm32cubeide/plugins/com.st.stm32cube.ide.mcu.externaltools.gnu-tools-for-stm32.10.3-2021.10.linux64_1.0.200.202301161003/tools/bin/../lib/gcc/arm-none-eabi/10.3.1/../../../../arm-none-eabi/lib/thumb/v7-m/nofp/libc_nano.a(lib_a-exit.o) (_global_impure_ptr)
/app/stm32cubeide/plugins/com.st.stm32cube.ide.mcu.externaltools.gnu-tools-for-stm32.10.3-2021.10.linux64_1.0.200.202301161003/tools/bin/../lib/gcc/arm-none-eabi/10.3.1/../../../../arm-none-eabi/lib/thumb/v7-m/nofp/libc_nano.a(lib_a-init.o)
                              /app/stm32cubeide/plugins/com.st.stm32cube.ide.mcu.externaltools.gnu-tools-for-stm32.10.3-2021.10.linux64_1.0.200.202301161003/tools/bin/../lib/gcc/arm-none-eabi/10.3.1/../../../../arm-none-eabi/lib/thumb/v7-m/nofp/crt0.o (__libc_init_array)
/app/stm32cubeide/plugins/com.st.stm32cube.ide.mcu.externaltools.gnu-tools-for-stm32.10.3-2021.10.linux64_1.0.200.202301161003/tools/bin/../lib/gcc/arm-none-eabi/10.3.1/../../../../arm-none-eabi/lib/thumb/v7-m/nofp/libc_nano.a(lib_a-malloc.o)
                              /app/stm32cubeide/plugins/com.st.stm32cube.ide.mcu.externaltools.gnu-tools-for-stm32.10.3-2021.10.linux64_1.0.200.202301161003/tools/bin/../lib/gcc/arm-none-eabi/10.3.1/../../../../arm-none-eabi/lib/thumb/v7-m/nofp/libstdc++_nano.a(new_op.o) (malloc)
/app/stm32cubeide/plugins/com.st.stm32cube.ide.mcu.externaltools.gnu-tools-for-stm32.10.3-2021.10.linux64_1.0.200.202301161003/tools/bin/../lib/gcc/arm-none-eabi/10.3.1/../../../../arm-none-eabi/lib/thumb/v7-m/nofp/libc_nano.a(lib_a-memset.o)
                              /app/stm32cubeide/plugins/com.st.stm32cube.ide.mcu.externaltools.gnu-tools-for-stm32.10.3-2021.10.linux64_1.0.200.202301161003/tools/bin/../lib/gcc/arm-none-eabi/10.3.1/../../../../arm-none-eabi/lib/thumb/v7-m/nofp/crt0.o (memset)
/app/stm32cubeide/plugins/com.st.stm32cube.ide.mcu.externaltools.gnu-tools-for-stm32.10.3-2021.10.linux64_1.0.200.202301161003/tools/bin/../lib/gcc/arm-none-eabi/10.3.1/../../../../arm-none-eabi/lib/thumb/v7-m/nofp/libc_nano.a(lib_a-nano-freer.o)
                              /app/stm32cubeide/plugins/com.st.stm32cube.ide.mcu.externaltools.gnu-tools-for-stm32.10.3-2021.10.linux64_1.0.200.202301161003/tools/bin/../lib/gcc/arm-none-eabi/10.3.1/../../../../arm-none-eabi/lib/thumb/v7-m/nofp/libc_nano.a(lib_a-malloc.o) (_free_r)
[...]
Memory Configuration

Name             Origin             Length             Attributes
RAM              0x0000000020000000 0x0000000000005000 xrw
FLASH            0x0000000008000000 0x0000000000010000 xr
*default*        0x0000000000000000 0xffffffffffffffff

Linker script and memory map

LOAD /app/stm32cubeide/plugins/com.st.stm32cube.ide.mcu.externaltools.gnu-tools-for-stm32.10.3-2021.10.linux64_1.0.200.202301161003/tools/bin/../lib/gcc/arm-none-eabi/10.3.1/thumb/v7-m/nofp/crti.o
LOAD /app/stm32cubeide/plugins/com.st.stm32cube.ide.mcu.externaltools.gnu-tools-for-stm32.10.3-2021.10.linux64_1.0.200.202301161003/tools/bin/../lib/gcc/arm-none-eabi/10.3.1/thumb/v7-m/nofp/crtbegin.o
LOAD /app/stm32cubeide/plugins/com.st.stm32cube.ide.mcu.externaltools.gnu-tools-for-stm32.10.3-2021.10.linux64_1.0.200.202301161003/tools/bin/../lib/gcc/arm-none-eabi/10.3.1/../../../../arm-none-eabi/lib/thumb/v7-m/nofp/crt0.o
LOAD ./Core/Src/main.o
LOAD ./Core/Src/stm32f1xx_hal_msp.o
LOAD ./Core/Src/stm32f1xx_it.o
LOAD ./Core/Src/syscalls.o
LOAD ./Core/Src/sysmem.o
LOAD ./Core/Src/system_stm32f1xx.o
LOAD ./Core/Startup/startup_stm32f103c8tx.o
LOAD ./Drivers/STM32F1xx_HAL_Driver/Src/stm32f1xx_hal.o
LOAD ./Drivers/STM32F1xx_HAL_Driver/Src/stm32f1xx_hal_cortex.o
LOAD ./Drivers/STM32F1xx_HAL_Driver/Src/stm32f1xx_hal_dma.o
LOAD ./Drivers/STM32F1xx_HAL_Driver/Src/stm32f1xx_hal_exti.o
LOAD ./Drivers/STM32F1xx_HAL_Driver/Src/stm32f1xx_hal_flash.o
LOAD ./Drivers/STM32F1xx_HAL_Driver/Src/stm32f1xx_hal_flash_ex.o
LOAD ./Drivers/STM32F1xx_HAL_Driver/Src/stm32f1xx_hal_gpio.o
LOAD ./Drivers/STM32F1xx_HAL_Driver/Src/stm32f1xx_hal_gpio_ex.o
LOAD ./Drivers/STM32F1xx_HAL_Driver/Src/stm32f1xx_hal_pwr.o
LOAD ./Drivers/STM32F1xx_HAL_Driver/Src/stm32f1xx_hal_rcc.o
LOAD ./Drivers/STM32F1xx_HAL_Driver/Src/stm32f1xx_hal_rcc_ex.o
LOAD ./Drivers/custom_driver/hal/dc_motor/dc_motor.o
LOAD ./Drivers/custom_driver/hal/ultrasonic/ultrasonic.o
LOAD ./Drivers/custom_driver/mcal/exti/exti.o
LOAD ./Drivers/custom_driver/mcal/gpio/gpio.o
LOAD ./Drivers/custom_driver/mcal/isr_bridge.o
LOAD ./Drivers/custom_driver/mcal/rcc/rcc.o
LOAD ./Drivers/custom_driver/mcal/tim/tim.o
LOAD ./Drivers/custom_driver/mcal/uart/uart.o
START GROUP
LOAD /app/stm32cubeide/plugins/com.st.stm32cube.ide.mcu.externaltools.gnu-tools-for-stm32.10.3-2021.10.linux64_1.0.200.202301161003/tools/bin/../lib/gcc/arm-none-eabi/10.3.1/../../../../arm-none-eabi/lib/thumb/v7-m/nofp/libstdc++_nano.a
LOAD /app/stm32cubeide/plugins/com.st.stm32cube.ide.mcu.externaltools.gnu-tools-for-stm32.10.3-2021.10.linux64_1.0.200.202301161003/tools/bin/../lib/gcc/arm-none-eabi/10.3.1/../../../../arm-none-eabi/lib/thumb/v7-m/nofp/libsupc++_nano.a
END GROUP
LOAD /app/stm32cubeide/plugins/com.st.stm32cube.ide.mcu.externaltools.gnu-tools-for-stm32.10.3-2021.10.linux64_1.0.200.202301161003/tools/bin/../lib/gcc/arm-none-eabi/10.3.1/../../../../arm-none-eabi/lib/thumb/v7-m/nofp/libstdc++_nano.a
LOAD /app/stm32cubeide/plugins/com.st.stm32cube.ide.mcu.externaltools.gnu-tools-for-stm32.10.3-2021.10.linux64_1.0.200.202301161003/tools/bin/../lib/gcc/arm-none-eabi/10.3.1/../../../../arm-none-eabi/lib/thumb/v7-m/nofp/libm.a
LOAD /app/stm32cubeide/plugins/com.st.stm32cube.ide.mcu.externaltools.gnu-tools-for-stm32.10.3-2021.10.linux64_1.0.200.202301161003/tools/bin/../lib/gcc/arm-none-eabi/10.3.1/../../../../arm-none-eabi/lib/thumb/v7-m/nofp/libc_nano.a
START GROUP
LOAD /app/stm32cubeide/plugins/com.st.stm32cube.ide.mcu.externaltools.gnu-tools-for-stm32.10.3-2021.10.linux64_1.0.200.202301161003/tools/bin/../lib/gcc/arm-none-eabi/10.3.1/thumb/v7-m/nofp/libgcc.a
LOAD /app/stm32cubeide/plugins/com.st.stm32cube.ide.mcu.externaltools.gnu-tools-for-stm32.10.3-2021.10.linux64_1.0.200.202301161003/tools/bin/../lib/gcc/arm-none-eabi/10.3.1/../../../../arm-none-eabi/lib/thumb/v7-m/nofp/libc_nano.a
END GROUP
START GROUP
LOAD /app/stm32cubeide/plugins/com.st.stm32cube.ide.mcu.externaltools.gnu-tools-for-stm32.10.3-2021.10.linux64_1.0.200.202301161003/tools/bin/../lib/gcc/arm-none-eabi/10.3.1/thumb/v7-m/nofp/libgcc.a
LOAD /app/stm32cubeide/plugins/com.st.stm32cube.ide.mcu.externaltools.gnu-tools-for-stm32.10.3-2021.10.linux64_1.0.200.202301161003/tools/bin/../lib/gcc/arm-none-eabi/10.3.1/../../../../arm-none-eabi/lib/thumb/v7-m/nofp/libc_nano.a
LOAD /app/stm32cubeide/plugins/com.st.stm32cube.ide.mcu.externaltools.gnu-tools-for-stm32.10.3-2021.10.linux64_1.0.200.202301161003/tools/bin/../lib/gcc/arm-none-eabi/10.3.1/../../../../arm-none-eabi/lib/thumb/v7-m/nofp/libnosys.a
END GROUP
START GROUP
LOAD /app/stm32cubeide/plugins/com.st.stm32cube.ide.mcu.externaltools.gnu-tools-for-stm32.10.3-2021.10.linux64_1.0.200.202301161003/tools/bin/../lib/gcc/arm-none-eabi/10.3.1/thumb/v7-m/nofp/libgcc.a
LOAD /app/stm32cubeide/plugins/com.st.stm32cube.ide.mcu.externaltools.gnu-tools-for-stm32.10.3-2021.10.linux64_1.0.200.202301161003/tools/bin/../lib/gcc/arm-none-eabi/10.3.1/../../../../arm-none-eabi/lib/thumb/v7-m/nofp/libc_nano.a
LOAD /app/stm32cubeide/plugins/com.st.stm32cube.ide.mcu.externaltools.gnu-tools-for-stm32.10.3-2021.10.linux64_1.0.200.202301161003/tools/bin/../lib/gcc/arm-none-eabi/10.3.1/../../../../arm-none-eabi/lib/thumb/v7-m/nofp/libnosys.a
END GROUP
LOAD /app/stm32cubeide/plugins/com.st.stm32cube.ide.mcu.externaltools.gnu-tools-for-stm32.10.3-2021.10.linux64_1.0.200.202301161003/tools/bin/../lib/gcc/arm-none-eabi/10.3.1/thumb/v7-m/nofp/crtend.o
LOAD /app/stm32cubeide/plugins/com.st.stm32cube.ide.mcu.externaltools.gnu-tools-for-stm32.10.3-2021.10.linux64_1.0.200.202301161003/tools/bin/../lib/gcc/arm-none-eabi/10.3.1/thumb/v7-m/nofp/crtn.o
                0x0000000020005000                _estack = (ORIGIN (RAM) + LENGTH (RAM))
                0x0000000000000200                _Min_Heap_Size = 0x200
                0x0000000000000400                _Min_Stack_Size = 0x400

.isr_vector     0x0000000008000000      0x10c
                0x0000000008000000                . = ALIGN (0x4)
 *(.isr_vector)
 .isr_vector    0x0000000008000000      0x10c ./Core/Startup/startup_stm32f103c8tx.o
                0x0000000008000000                g_pfnVectors
                0x000000000800010c                . = ALIGN (0x4)

.text           0x000000000800010c      0x4f8
                0x000000000800010c                . = ALIGN (0x4)
 *(.text)
 .text          0x000000000800010c       0x40 /app/stm32cubeide/plugins/com.st.stm32cube.ide.mcu.externaltools.gnu-tools-for-stm32.10.3-2021.10.linux64_1.0.200.202301161003/tools/bin/../lib/gcc/arm-none-eabi/10.3.1/thumb/v7-m/nofp/crtbegin.o
 *(.text*)
 .text.main     0x000000000800014c       0x10 ./Core/Src/main.o
                0x000000000800014c                main
 .text.NMI_Handler
                0x000000000800015c        0x6 ./Core/Src/stm32f1xx_it.o
                0x000000000800015c                NMI_Handler
 .text.HardFault_Handler
                0x0000000008000162        0x6 ./Core/Src/stm32f1xx_it.o
                0x0000000008000162                HardFault_Handler
 .text.MemManage_Handler
                0x0000000008000168        0x6 ./Core/Src/stm32f1xx_it.o
                0x0000000008000168                MemManage_Handler
 .text.BusFault_Handler
                0x000000000800016e        0x6 ./Core/Src/stm32f1xx_it.o
                0x000000000800016e                BusFault_Handler
 .text.UsageFault_Handler
                0x0000000008000174        0x6 ./Core/Src/stm32f1xx_it.o
                0x0000000008000174                UsageFault_Handler
 .text.SVC_Handler
                0x000000000800017a        0xc ./Core/Src/stm32f1xx_it.o
                0x000000000800017a                SVC_Handler
 .text.DebugMon_Handler
                0x0000000008000186        0xc ./Core/Src/stm32f1xx_it.o
                0x0000000008000186                DebugMon_Handler
 .text.PendSV_Handler
                0x0000000008000192        0xc ./Core/Src/stm32f1xx_it.o
                0x0000000008000192                PendSV_Handler
 .text.SysTick_Handler
                0x000000000800019e        0xc ./Core/Src/stm32f1xx_it.o
                0x000000000800019e                SysTick_Handler
 .text.SystemInit
                0x00000000080001aa        0xc ./Core/Src/system_stm32f1xx.o
                0x00000000080001aa                SystemInit
 *fill*         0x00000000080001b6        0x2 
 .text.Reset_Handler
                0x00000000080001b8       0x48 ./Core/Startup/startup_stm32f103c8tx.o
                0x00000000080001b8                Reset_Handler
 .text.Default_Handler
                0x0000000008000200        0x2 ./Core/Startup/startup_stm32f103c8tx.o
                0x0000000008000200                RTC_Alarm_IRQHandler
                0x0000000008000200                TIM1_CC_IRQHandler
                0x0000000008000200                PVD_IRQHandler
                0x0000000008000200                I2C2_EV_IRQHandler
                0x0000000008000200                ADC1_2_IRQHandler
                0x0000000008000200                SPI1_IRQHandler
                0x0000000008000200                TAMPER_IRQHandler
                0x0000000008000200                DMA1_Channel4_IRQHandler
                0x0000000008000200                USART3_IRQHandler
                0x0000000008000200                RTC_IRQHandler
                0x0000000008000200                DMA1_Channel7_IRQHandler
                0x0000000008000200                CAN1_RX1_IRQHandler
                0x0000000008000200                I2C1_EV_IRQHandler
                0x0000000008000200                DMA1_Channel6_IRQHandler
                0x0000000008000200                RCC_IRQHandler
                0x0000000008000200                TIM1_TRG_COM_IRQHandler
                0x0000000008000200                DMA1_Channel1_IRQHandler
                0x0000000008000200                Default_Handler
                0x0000000008000200                SPI2_IRQHandler
                0x0000000008000200                DMA1_Channel5_IRQHandler
                0x0000000008000200                USB_LP_CAN1_RX0_IRQHandler
                0x0000000008000200                USB_HP_CAN1_TX_IRQHandler
                0x0000000008000200                DMA1_Channel3_IRQHandler
                0x0000000008000200                WWDG_IRQHandler
                0x0000000008000200                TIM1_BRK_IRQHandler
                0x0000000008000200                USART2_IRQHandler
                0x0000000008000200                I2C2_ER_IRQHandler
                0x0000000008000200                DMA1_Channel2_IRQHandler
                0x0000000008000200                CAN1_SCE_IRQHandler
                0x0000000008000200                FLASH_IRQHandler
                0x0000000008000200                I2C1_ER_IRQHandler
                0x0000000008000200                USBWakeUp_IRQHandler
 *fill*         0x0000000008000202        0x2 
 .text.HAL_IncTick
                0x0000000008000204       0x24 ./Drivers/STM32F1xx_HAL_Driver/Src/stm32f1xx_hal.o
                0x0000000008000204                HAL_IncTick
 .text._ZN18external_interrupt7handlerEv
                0x0000000008000228       0x48 ./Drivers/custom_driver/mcal/exti/exti.o
                0x0000000008000228                external_interrupt::handler()
 .text._ZN8bit_math7set_bitImEEvRVT_m
                0x0000000008000270       0x26 ./Drivers/custom_driver/mcal/exti/exti.o
                0x0000000008000270                void bit_math::set_bit<unsigned long>(unsigned long volatile&, unsigned long)
 .text._ZN8bit_math7get_bitImEEbRVT_m
                0x0000000008000296       0x2c ./Drivers/custom_driver/mcal/exti/exti.o
                0x0000000008000296                bool bit_math::get_bit<unsigned long>(unsigned long volatile&, unsigned long)
 *fill*         0x00000000080002c2        0x2 
 .text.EXTI0_IRQHandler
                0x00000000080002c4       0x20 ./Drivers/custom_driver/mcal/isr_bridge.o
                0x00000000080002c4                EXTI0_IRQHandler
 .text.EXTI1_IRQHandler
                0x00000000080002e4       0x20 ./Drivers/custom_driver/mcal/isr_bridge.o
                0x00000000080002e4                EXTI1_IRQHandler
 .text.EXTI2_IRQHandler
                0x0000000008000304       0x20 ./Drivers/custom_driver/mcal/isr_bridge.o
                0x0000000008000304                EXTI2_IRQHandler
 .text.EXTI3_IRQHandler
                0x0000000008000324       0x20 ./Drivers/custom_driver/mcal/isr_bridge.o
                0x0000000008000324                EXTI3_IRQHandler
 .text.EXTI4_IRQHandler
                0x0000000008000344       0x20 ./Drivers/custom_driver/mcal/isr_bridge.o
                0x0000000008000344                EXTI4_IRQHandler
 .text.EXTI9_5_IRQHandler
                0x0000000008000364       0x40 ./Drivers/custom_driver/mcal/isr_bridge.o
                0x0000000008000364                EXTI9_5_IRQHandler
 .text.EXTI15_10_IRQHandler
                0x00000000080003a4       0x40 ./Drivers/custom_driver/mcal/isr_bridge.o
                0x00000000080003a4                EXTI15_10_IRQHandler
 .text.TIM1_UP_IRQHandler
                0x00000000080003e4       0x20 ./Drivers/custom_driver/mcal/isr_bridge.o
                0x00000000080003e4                TIM1_UP_IRQHandler
 .text.TIM2_IRQHandler
                0x0000000008000404       0x20 ./Drivers/custom_driver/mcal/isr_bridge.o
                0x0000000008000404                TIM2_IRQHandler
 .text.TIM3_IRQHandler
                0x0000000008000424       0x20 ./Drivers/custom_driver/mcal/isr_bridge.o
                0x0000000008000424                TIM3_IRQHandler
 .text.TIM4_IRQHandler
                0x0000000008000444       0x20 ./Drivers/custom_driver/mcal/isr_bridge.o
                0x0000000008000444                TIM4_IRQHandler
 .text._ZN5timer7handlerEv
                0x0000000008000464       0x46 ./Drivers/custom_driver/mcal/tim/tim.o
                0x0000000008000464                timer::handler()
 *fill*         0x00000000080004aa        0x2 
 .text.USART1_IRQHandler
                0x00000000080004ac       0xf8 ./Drivers/custom_driver/mcal/uart/uart.o
                0x00000000080004ac                USART1_IRQHandler
 .text.__libc_init_array
                0x00000000080005a4       0x48 /app/stm32cubeide/plugins/com.st.stm32cube.ide.mcu.externaltools.gnu-tools-for-stm32.10.3-2021.10.linux64_1.0.200.202301161003/tools/bin/../lib/gcc/arm-none-eabi/10.3.1/../../../../arm-none-eabi/lib/thumb/v7-m/nofp/libc_nano.a(lib_a-init.o)
                0x00000000080005a4                __libc_init_array
 *(.glue_7)
 .glue_7        0x00000000080005ec        0x0 linker stubs
 *(.glue_7t)
 .glue_7t       0x00000000080005ec        0x0 linker stubs
 *(.eh_frame)
 .eh_frame      0x00000000080005ec        0x0 /app/stm32cubeide/plugins/com.st.stm32cube.ide.mcu.externaltools.gnu-tools-for-stm32.10.3-2021.10.linux64_1.0.200.202301161003/tools/bin/../lib/gcc/arm-none-eabi/10.3.1/thumb/v7-m/nofp/crtbegin.o
 *(.init)
 .init          0x00000000080005ec        0x4 /app/stm32cubeide/plugins/com.st.stm32cube.ide.mcu.externaltools.gnu-tools-for-stm32.10.3-2021.10.linux64_1.0.200.202301161003/tools/bin/../lib/gcc/arm-none-eabi/10.3.1/thumb/v7-m/nofp/crti.o
                0x00000000080005ec                _init
 .init          0x00000000080005f0        0x8 /app/stm32cubeide/plugins/com.st.stm32cube.ide.mcu.externaltools.gnu-tools-for-stm32.10.3-2021.10.linux64_1.0.200.202301161003/tools/bin/../lib/gcc/arm-none-eabi/10.3.1/thumb/v7-m/nofp/crtn.o
 *(.fini)
 .fini          0x00000000080005f8        0x4 /app/stm32cubeide/plugins/com.st.stm32cube.ide.mcu.externaltools.gnu-tools-for-stm32.10.3-2021.10.linux64_1.0.200.202301161003/tools/bin/../lib/gcc/arm-none-eabi/10.3.1/thumb/v7-m/nofp/crti.o
                0x00000000080005f8                _fini
 .fini          0x00000000080005fc        0x8 /app/stm32cubeide/plugins/com.st.stm32cube.ide.mcu.externaltools.gnu-tools-for-stm32.10.3-2021.10.linux64_1.0.200.202301161003/tools/bin/../lib/gcc/arm-none-eabi/10.3.1/thumb/v7-m/nofp/crtn.o
                0x0000000008000604                . = ALIGN (0x4)
                0x0000000008000604                _etext = .

.vfp11_veneer   0x0000000008000604        0x0
 .vfp11_veneer  0x0000000008000604        0x0 linker stubs

.v4_bx          0x0000000008000604        0x0
 .v4_bx         0x0000000008000604        0x0 linker stubs

.iplt           0x0000000008000604        0x0
 .iplt          0x0000000008000604        0x0 /app/stm32cubeide/plugins/com.st.stm32cube.ide.mcu.externaltools.gnu-tools-for-stm32.10.3-2021.10.linux64_1.0.200.202301161003/tools/bin/../lib/gcc/arm-none-eabi/10.3.1/thumb/v7-m/nofp/crtbegin.o

.rel.dyn        0x0000000008000604        0x0
 .rel.iplt      0x0000000008000604        0x0 /app/stm32cubeide/plugins/com.st.stm32cube.ide.mcu.externaltools.gnu-tools-for-stm32.10.3-2021.10.linux64_1.0.200.202301161003/tools/bin/../lib/gcc/arm-none-eabi/10.3.1/thumb/v7-m/nofp/crtbegin.o

.rodata         0x0000000008000604        0x0
                0x0000000008000604                . = ALIGN (0x4)
 *(.rodata)
 *(.rodata*)
                0x0000000008000604                . = ALIGN (0x4)

.ARM.extab      0x0000000008000604        0x0
                0x0000000008000604                . = ALIGN (0x4)
 *(.ARM.extab* .gnu.linkonce.armextab.*)
                0x0000000008000604                . = ALIGN (0x4)

.ARM            0x0000000008000604        0x0
                0x0000000008000604                . = ALIGN (0x4)
                0x0000000008000604                __exidx_start = .
 *(.ARM.exidx*)
                0x0000000008000604                __exidx_end = .
                0x0000000008000604                . = ALIGN (0x4)

.preinit_array  0x0000000008000604        0x0
                0x0000000008000604                . = ALIGN (0x4)
                0x0000000008000604                PROVIDE (__preinit_array_start = .)
 *(.preinit_array*)
                0x0000000008000604                PROVIDE (__preinit_array_end = .)
                0x0000000008000604                . = ALIGN (0x4)

.init_array     0x0000000008000604        0x4
                0x0000000008000604                . = ALIGN (0x4)
                0x0000000008000604                PROVIDE (__init_array_start = .)
 *(SORT_BY_NAME(.init_array.*))
 *(.init_array*)
 .init_array    0x0000000008000604        0x4 /app/stm32cubeide/plugins/com.st.stm32cube.ide.mcu.externaltools.gnu-tools-for-stm32.10.3-2021.10.linux64_1.0.200.202301161003/tools/bin/../lib/gcc/arm-none-eabi/10.3.1/thumb/v7-m/nofp/crtbegin.o
                0x0000000008000608                PROVIDE (__init_array_end = .)
                0x0000000008000608                . = ALIGN (0x4)

.fini_array     0x0000000008000608        0x4
                0x0000000008000608                . = ALIGN (0x4)
                [!provide]                        PROVIDE (__fini_array_start = .)
 *(SORT_BY_NAME(.fini_array.*))
 *(.fini_array*)
 .fini_array    0x0000000008000608        0x4 /app/stm32cubeide/plugins/com.st.stm32cube.ide.mcu.externaltools.gnu-tools-for-stm32.10.3-2021.10.linux64_1.0.200.202301161003/tools/bin/../lib/gcc/arm-none-eabi/10.3.1/thumb/v7-m/nofp/crtbegin.o
                [!provide]                        PROVIDE (__fini_array_end = .)
                0x000000000800060c                . = ALIGN (0x4)
                0x000000000800060c                _sidata = LOADADDR (.data)

.data           0x0000000020000000        0x4 load address 0x000000000800060c
                0x0000000020000000                . = ALIGN (0x4)
                0x0000000020000000                _sdata = .
 *(.data)
 *(.data*)
 .data.uwTickFreq
                0x0000000020000000        0x1 ./Drivers/STM32F1xx_HAL_Driver/Src/stm32f1xx_hal.o
                0x0000000020000000                uwTickFreq
 *(.RamFunc)
 *(.RamFunc*)
                0x0000000020000004                . = ALIGN (0x4)
 *fill*         0x0000000020000001        0x3 
                0x0000000020000004                _edata = .

.igot.plt       0x0000000020000004        0x0 load address 0x0000000008000610
 .igot.plt      0x0000000020000004        0x0 /app/stm32cubeide/plugins/com.st.stm32cube.ide.mcu.externaltools.gnu-tools-for-stm32.10.3-2021.10.linux64_1.0.200.202301161003/tools/bin/../lib/gcc/arm-none-eabi/10.3.1/thumb/v7-m/nofp/crtbegin.o
                0x0000000020000004                . = ALIGN (0x4)

.bss            0x0000000020000004      0x27c load address 0x0000000008000610
                0x0000000020000004                _sbss = .
                0x0000000020000004                __bss_start__ = _sbss
 *(.bss)
 .bss           0x0000000020000004       0x1c /app/stm32cubeide/plugins/com.st.stm32cube.ide.mcu.externaltools.gnu-tools-for-stm32.10.3-2021.10.linux64_1.0.200.202301161003/tools/bin/../lib/gcc/arm-none-eabi/10.3.1/thumb/v7-m/nofp/crtbegin.o
 *(.bss*)
 .bss.uwTick    0x0000000020000020        0x4 ./Drivers/STM32F1xx_HAL_Driver/Src/stm32f1xx_hal.o
                0x0000000020000020                uwTick
 .bss.exti_objects
                0x0000000020000024       0x40 ./Drivers/custom_driver/mcal/isr_bridge.o
                0x0000000020000024                exti_objects
 .bss.timer_objects
                0x0000000020000064       0x10 ./Drivers/custom_driver/mcal/isr_bridge.o
                0x0000000020000064                timer_objects
 .bss.rxBuffer  0x0000000020000074      0x100 ./Drivers/custom_driver/mcal/uart/uart.o
                0x0000000020000074                rxBuffer
 .bss.txBuffer  0x0000000020000174      0x100 ./Drivers/custom_driver/mcal/uart/uart.o
                0x0000000020000174                txBuffer
 .bss.rxHead    0x0000000020000274        0x2 ./Drivers/custom_driver/mcal/uart/uart.o
                0x0000000020000274                rxHead
 .bss.rxTail    0x0000000020000276        0x2 ./Drivers/custom_driver/mcal/uart/uart.o
                0x0000000020000276                rxTail
 .bss.txHead    0x0000000020000278        0x2 ./Drivers/custom_driver/mcal/uart/uart.o
                0x0000000020000278                txHead
 .bss.txTail    0x000000002000027a        0x2 ./Drivers/custom_driver/mcal/uart/uart.o
                0x000000002000027a                txTail
 .bss.txBusy    0x000000002000027c        0x1 ./Drivers/custom_driver/mcal/uart/uart.o
                0x000000002000027c                txBusy
 *(COMMON)
                0x0000000020000280                . = ALIGN (0x4)
 *fill*         0x000000002000027d        0x3 
                0x0000000020000280                _ebss = .
                0x0000000020000280                __bss_end__ = _ebss

._user_heap_stack
                0x0000000020000280      0x600 load address 0x0000000008000610
                0x0000000020000280                . = ALIGN (0x8)
                [!provide]                        PROVIDE (end = .)
                0x0000000020000280                PROVIDE (_end = .)
                0x0000000020000480                . = (. + _Min_Heap_Size)
 *fill*         0x0000000020000280      0x200 
                0x0000000020000880                . = (. + _Min_Stack_Size)
 *fill*         0x0000000020000480      0x400 
                0x0000000020000880                . = ALIGN (0x8)

/DISCARD/
 libc.a(*)
 libm.a(*)
 libgcc.a(*)

.ARM.attributes
                0x0000000000000000       0x29
 *(.ARM.attributes)
 .ARM.attributes
                0x0000000000000000       0x1d /app/stm32cubeide/plugins/com.st.stm32cube.ide.mcu.externaltools.gnu-tools-for-stm32.10.3-2021.10.linux64_1.0.200.202301161003/tools/bin/../lib/gcc/arm-none-eabi/10.3.1/thumb/v7-m/nofp/crti.o
 .ARM.attributes
                0x000000000000001d       0x2d /app/stm32cubeide/plugins/com.st.stm32cube.ide.mcu.externaltools.gnu-tools-for-stm32.10.3-2021.10.linux64_1.0.200.202301161003/tools/bin/../lib/gcc/arm-none-eabi/10.3.1/thumb/v7-m/nofp/crtbegin.o
 .ARM.attributes
                0x000000000000004a       0x2d ./Core/Src/main.o
 .ARM.attributes
                0x0000000000000077       0x2d ./Core/Src/stm32f1xx_it.o
 .ARM.attributes
                0x00000000000000a4       0x2d ./Core/Src/system_stm32f1xx.o
 .ARM.attributes
                0x00000000000000d1       0x21 ./Core/Startup/startup_stm32f103c8tx.o
 .ARM.attributes
                0x00000000000000f2       0x2d ./Drivers/STM32F1xx_HAL_Driver/Src/stm32f1xx_hal.o
 .ARM.attributes
                0x000000000000011f       0x2d ./Drivers/custom_driver/mcal/exti/exti.o
 .ARM.attributes
                0x000000000000014c       0x2d ./Drivers/custom_driver/mcal/isr_bridge.o
 .ARM.attributes
                0x0000000000000179       0x2d ./Drivers/custom_driver/mcal/tim/tim.o
 .ARM.attributes
                0x00000000000001a6       0x2d ./Drivers/custom_driver/mcal/uart/uart.o
 .ARM.attributes
                0x00000000000001d3       0x2d /app/stm32cubeide/plugins/com.st.stm32cube.ide.mcu.externaltools.gnu-tools-for-stm32.10.3-2021.10.linux64_1.0.200.202301161003/tools/bin/../lib/gcc/arm-none-eabi/10.3.1/../../../../arm-none-eabi/lib/thumb/v7-m/nofp/libc_nano.a(lib_a-init.o)
 .ARM.attributes
                0x0000000000000200       0x1d /app/stm32cubeide/plugins/com.st.stm32cube.ide.mcu.externaltools.gnu-tools-for-stm32.10.3-2021.10.linux64_1.0.200.202301161003/tools/bin/../lib/gcc/arm-none-eabi/10.3.1/thumb/v7-m/nofp/crtn.o
OUTPUT(cyber_truck_stm32f103c8t6.elf elf32-littlearm)
LOAD linker stubs
LOAD /app/stm32cubeide/plugins/com.st.stm32cube.ide.mcu.externaltools.gnu-tools-for-stm32.10.3-2021.10.linux64_1.0.200.202301161003/tools/bin/../lib/gcc/arm-none-eabi/10.3.1/../../../../arm-none-eabi/lib/thumb/v7-m/nofp/libc.a
LOAD /app/stm32cubeide/plugins/com.st.stm32cube.ide.mcu.externaltools.gnu-tools-for-stm32.10.3-2021.10.linux64_1.0.200.202301161003/tools/bin/../lib/gcc/arm-none-eabi/10.3.1/../../../../arm-none-eabi/lib/thumb/v7-m/nofp/libm.a
LOAD /app/stm32cubeide/plugins/com.st.stm32cube.ide.mcu.externaltools.gnu-tools-for-stm32.10.3-2021.10.linux64_1.0.200.202301161003/tools/bin/../lib/gcc/arm-none-eabi/10.3.1/thumb/v7-m/nofp/libgcc.a

.debug_info     0x0000000000000000     0x2ac7
 .debug_info    0x0000000000000000      0x309 ./Core/Src/main.o
 .debug_info    0x0000000000000309      0x122 ./Core/Src/stm32f1xx_it.o
 .debug_info    0x000000000000042b      0x23d ./Core/Src/system_stm32f1xx.o
 .debug_info    0x0000000000000668       0x22 ./Core/Startup/startup_stm32f103c8tx.o
 .debug_info    0x000000000000068a      0x734 ./Drivers/STM32F1xx_HAL_Driver/Src/stm32f1xx_hal.o
 .debug_info    0x0000000000000dbe      0x9ac ./Drivers/custom_driver/mcal/exti/exti.o
 .debug_info    0x000000000000176a      0x863 ./Drivers/custom_driver/mcal/isr_bridge.o
 .debug_info    0x0000000000001fcd      0x7f2 ./Drivers/custom_driver/mcal/tim/tim.o
 .debug_info    0x00000000000027bf      0x308 ./Drivers/custom_driver/mcal/uart/uart.o

.debug_abbrev   0x0000000000000000      0xd97
 .debug_abbrev  0x0000000000000000       0xcb ./Core/Src/main.o
 .debug_abbrev  0x00000000000000cb       0x74 ./Core/Src/stm32f1xx_it.o
 .debug_abbrev  0x000000000000013f      0x13b ./Core/Src/system_stm32f1xx.o
 .debug_abbrev  0x000000000000027a       0x12 ./Core/Startup/startup_stm32f103c8tx.o
 .debug_abbrev  0x000000000000028c      0x1fb ./Drivers/STM32F1xx_HAL_Driver/Src/stm32f1xx_hal.o
 .debug_abbrev  0x0000000000000487      0x335 ./Drivers/custom_driver/mcal/exti/exti.o
 .debug_abbrev  0x00000000000007bc      0x251 ./Drivers/custom_driver/mcal/isr_bridge.o
 .debug_abbrev  0x0000000000000a0d      0x271 ./Drivers/custom_driver/mcal/tim/tim.o
 .debug_abbrev  0x0000000000000c7e      0x119 ./Drivers/custom_driver/mcal/uart/uart.o

.debug_aranges  0x0000000000000000      0x2e8
 .debug_aranges
                0x0000000000000000       0x20 ./Core/Src/main.o
 .debug_aranges
                0x0000000000000020       0x60 ./Core/Src/stm32f1xx_it.o
 .debug_aranges
                0x0000000000000080       0x28 ./Core/Src/system_stm32f1xx.o
 .debug_aranges
                0x00000000000000a8       0x28 ./Core/Startup/startup_stm32f103c8tx.o
 .debug_aranges
                0x00000000000000d0       0xe0 ./Drivers/STM32F1xx_HAL_Driver/Src/stm32f1xx_hal.o
 .debug_aranges
                0x00000000000001b0       0x58 ./Drivers/custom_driver/mcal/exti/exti.o
 .debug_aranges
                0x0000000000000208       0x70 ./Drivers/custom_driver/mcal/isr_bridge.o
 .debug_aranges
                0x0000000000000278       0x50 ./Drivers/custom_driver/mcal/tim/tim.o
 .debug_aranges
                0x00000000000002c8       0x20 ./Drivers/custom_driver/mcal/uart/uart.o

.debug_ranges   0x0000000000000000      0x260
 .debug_ranges  0x0000000000000000       0x10 ./Core/Src/main.o
 .debug_ranges  0x0000000000000010       0x50 ./Core/Src/stm32f1xx_it.o
 .debug_ranges  0x0000000000000060       0x18 ./Core/Src/system_stm32f1xx.o
 .debug_ranges  0x0000000000000078       0x20 ./Core/Startup/startup_stm32f103c8tx.o
 .debug_ranges  0x0000000000000098       0xd0 ./Drivers/STM32F1xx_HAL_Driver/Src/stm32f1xx_hal.o
 .debug_ranges  0x0000000000000168       0x48 ./Drivers/custom_driver/mcal/exti/exti.o
 .debug_ranges  0x00000000000001b0       0x60 ./Drivers/custom_driver/mcal/isr_bridge.o
 .debug_ranges  0x0000000000000210       0x40 ./Drivers/custom_driver/mcal/tim/tim.o
 .debug_ranges  0x0000000000000250       0x10 ./Drivers/custom_driver/mcal/uart/uart.o

.debug_macro    0x0000000000000000    0x16c8c
 .debug_macro   0x0000000000000000      0x377 ./Core/Src/main.o
 .debug_macro   0x0000000000000377      0xb44 ./Core/Src/main.o
 .debug_macro   0x0000000000000ebb       0x1c ./Core/Src/main.o
 .debug_macro   0x0000000000000ed7       0x22 ./Core/Src/main.o
 .debug_macro   0x0000000000000ef9       0x8e ./Core/Src/main.o
 .debug_macro   0x0000000000000f87       0x51 ./Core/Src/main.o
 .debug_macro   0x0000000000000fd8      0x103 ./Core/Src/main.o
 .debug_macro   0x00000000000010db       0x6a ./Core/Src/main.o
 .debug_macro   0x0000000000001145      0x1df ./Core/Src/main.o
 .debug_macro   0x0000000000001324       0x52 ./Core/Src/main.o
 .debug_macro   0x0000000000001376       0x18 ./Core/Src/main.o
 .debug_macro   0x000000000000138e       0x3c ./Core/Src/main.o
 .debug_macro   0x00000000000013ca       0x34 ./Core/Src/main.o
 .debug_macro   0x00000000000013fe       0x16 ./Core/Src/main.o
 .debug_macro   0x0000000000001414       0x97 ./Core/Src/main.o
 .debug_macro   0x00000000000014ab      0x364 ./Core/Src/main.o
 .debug_macro   0x000000000000180f      0x104 ./Core/Src/main.o
 .debug_macro   0x0000000000001913       0x10 ./Core/Src/main.o
 .debug_macro   0x0000000000001923       0x16 ./Core/Src/main.o
 .debug_macro   0x0000000000001939       0x43 ./Core/Src/main.o
 .debug_macro   0x000000000000197c       0x34 ./Core/Src/main.o
 .debug_macro   0x00000000000019b0       0x10 ./Core/Src/main.o
 .debug_macro   0x00000000000019c0       0x58 ./Core/Src/main.o
 .debug_macro   0x0000000000001a18       0x71 ./Core/Src/main.o
 .debug_macro   0x0000000000001a89       0x16 ./Core/Src/main.o
 .debug_macro   0x0000000000001a9f      0x12a ./Core/Src/main.o
 .debug_macro   0x0000000000001bc9       0x10 ./Core/Src/main.o
 .debug_macro   0x0000000000001bd9       0x1c ./Core/Src/main.o
 .debug_macro   0x0000000000001bf5       0x52 ./Core/Src/main.o
 .debug_macro   0x0000000000001c47       0x22 ./Core/Src/main.o
 .debug_macro   0x0000000000001c69       0x10 ./Core/Src/main.o
 .debug_macro   0x0000000000001c79       0x52 ./Core/Src/main.o
 .debug_macro   0x0000000000001ccb       0xd5 ./Core/Src/main.o
 .debug_macro   0x0000000000001da0       0x1c ./Core/Src/main.o
 .debug_macro   0x0000000000001dbc       0x3d ./Core/Src/main.o
 .debug_macro   0x0000000000001df9       0x16 ./Core/Src/main.o
 .debug_macro   0x0000000000001e0f      0x137 ./Core/Src/main.o
 .debug_macro   0x0000000000001f46      0x209 ./Core/Src/main.o
 .debug_macro   0x000000000000214f       0x2e ./Core/Src/main.o
 .debug_macro   0x000000000000217d       0x22 ./Core/Src/main.o
 .debug_macro   0x000000000000219f       0x1c ./Core/Src/main.o
 .debug_macro   0x00000000000021bb       0x22 ./Core/Src/main.o
 .debug_macro   0x00000000000021dd       0xbd ./Core/Src/main.o
 .debug_macro   0x000000000000229a      0xd23 ./Core/Src/main.o
 .debug_macro   0x0000000000002fbd     0xe09e ./Core/Src/main.o
 .debug_macro   0x000000000001105b       0x6d ./Core/Src/main.o
 .debug_macro   0x00000000000110c8     0x34a2 ./Core/Src/main.o
 .debug_macro   0x000000000001456a       0x56 ./Core/Src/main.o
 .debug_macro   0x00000000000145c0      0x5bc ./Core/Src/main.o
 .debug_macro   0x0000000000014b7c      0x289 ./Core/Src/main.o
 .debug_macro   0x0000000000014e05      0x1cb ./Core/Src/main.o
 .debug_macro   0x0000000000014fd0      0x114 ./Core/Src/main.o
 .debug_macro   0x00000000000150e4      0x1b2 ./Core/Src/main.o
 .debug_macro   0x0000000000015296       0x27 ./Core/Src/main.o
 .debug_macro   0x00000000000152bd      0x136 ./Core/Src/main.o
 .debug_macro   0x00000000000153f3      0x1bc ./Core/Src/main.o
 .debug_macro   0x00000000000155af       0x34 ./Core/Src/main.o
 .debug_macro   0x00000000000155e3       0x3c ./Core/Src/main.o
 .debug_macro   0x000000000001561f       0x57 ./Core/Src/main.o
 .debug_macro   0x0000000000015676       0x87 ./Core/Src/main.o
 .debug_macro   0x00000000000156fd      0x240 ./Core/Src/main.o
 .debug_macro   0x000000000001593d      0x140 ./Core/Src/main.o
 .debug_macro   0x0000000000015a7d       0x83 ./Core/Src/main.o
 .debug_macro   0x0000000000015b00       0x2e ./Core/Src/main.o
 .debug_macro   0x0000000000015b2e      0x198 ./Core/Src/stm32f1xx_it.o
 .debug_macro   0x0000000000015cc6      0x184 ./Core/Src/system_stm32f1xx.o
 .debug_macro   0x0000000000015e4a      0x1a8 ./Drivers/STM32F1xx_HAL_Driver/Src/stm32f1xx_hal.o
 .debug_macro   0x0000000000015ff2      0x322 ./Drivers/custom_driver/mcal/exti/exti.o
 .debug_macro   0x0000000000016314      0x355 ./Drivers/custom_driver/mcal/isr_bridge.o
 .debug_macro   0x0000000000016669      0x314 ./Drivers/custom_driver/mcal/tim/tim.o
 .debug_macro   0x000000000001697d      0x30f ./Drivers/custom_driver/mcal/uart/uart.o

.debug_line     0x0000000000000000     0x4ba3
 .debug_line    0x0000000000000000      0xca2 ./Core/Src/main.o
 .debug_line    0x0000000000000ca2      0x6a7 ./Core/Src/stm32f1xx_it.o
 .debug_line    0x0000000000001349      0x663 ./Core/Src/system_stm32f1xx.o
 .debug_line    0x00000000000019ac       0x86 ./Core/Startup/startup_stm32f103c8tx.o
 .debug_line    0x0000000000001a32      0x890 ./Drivers/STM32F1xx_HAL_Driver/Src/stm32f1xx_hal.o
 .debug_line    0x00000000000022c2      0xa34 ./Drivers/custom_driver/mcal/exti/exti.o
 .debug_line    0x0000000000002cf6      0xbbf ./Drivers/custom_driver/mcal/isr_bridge.o
 .debug_line    0x00000000000038b5      0xa96 ./Drivers/custom_driver/mcal/tim/tim.o
 .debug_line    0x000000000000434b      0x858 ./Drivers/custom_driver/mcal/uart/uart.o

.debug_str      0x0000000000000000    0x7fdd9
 .debug_str     0x0000000000000000    0x7ede9 ./Core/Src/main.o
                                      0x7f176 (size before relaxing)
 .debug_str     0x000000000007ede9      0x2b7 ./Core/Src/stm32f1xx_it.o
                                      0x7ac47 (size before relaxing)
 .debug_str     0x000000000007f0a0       0xbc ./Core/Src/system_stm32f1xx.o
                                      0x7ac5d (size before relaxing)
 .debug_str     0x000000000007f15c       0x36 ./Core/Startup/startup_stm32f103c8tx.o
                                         0x8a (size before relaxing)
 .debug_str     0x000000000007f192      0x5f7 ./Drivers/STM32F1xx_HAL_Driver/Src/stm32f1xx_hal.o
                                      0x7b390 (size before relaxing)
 .debug_str     0x000000000007f789      0x2c5 ./Drivers/custom_driver/mcal/exti/exti.o
                                      0x7f5f6 (size before relaxing)
 .debug_str     0x000000000007fa4e      0x260 ./Drivers/custom_driver/mcal/isr_bridge.o
                                      0x7f4cc (size before relaxing)
 .debug_str     0x000000000007fcae       0x82 ./Drivers/custom_driver/mcal/tim/tim.o
                                      0x7f249 (size before relaxing)
 .debug_str     0x000000000007fd30       0xa9 ./Drivers/custom_driver/mcal/uart/uart.o
                                      0x7eff5 (size before relaxing)

.comment        0x0000000000000000       0x50
 .comment       0x0000000000000000       0x50 ./Core/Src/main.o
                                         0x51 (size before relaxing)
 .comment       0x0000000000000050       0x51 ./Core/Src/stm32f1xx_it.o
 .comment       0x0000000000000050       0x51 ./Core/Src/system_stm32f1xx.o
 .comment       0x0000000000000050       0x51 ./Drivers/STM32F1xx_HAL_Driver/Src/stm32f1xx_hal.o
 .comment       0x0000000000000050       0x51 ./Drivers/custom_driver/mcal/exti/exti.o
 .comment       0x0000000000000050       0x51 ./Drivers/custom_driver/mcal/isr_bridge.o
 .comment       0x0000000000000050       0x51 ./Drivers/custom_driver/mcal/tim/tim.o
 .comment       0x0000000000000050       0x51 ./Drivers/custom_driver/mcal/uart/uart.o

.debug_frame    0x0000000000000000      0x8d8
 .debug_frame   0x0000000000000000       0x30 ./Core/Src/main.o
 .debug_frame   0x0000000000000030      0x104 ./Core/Src/stm32f1xx_it.o
 .debug_frame   0x0000000000000134       0x58 ./Core/Src/system_stm32f1xx.o
 .debug_frame   0x000000000000018c      0x334 ./Drivers/STM32F1xx_HAL_Driver/Src/stm32f1xx_hal.o
 .debug_frame   0x00000000000004c0      0x140 ./Drivers/custom_driver/mcal/exti/exti.o
 .debug_frame   0x0000000000000600      0x154 ./Drivers/custom_driver/mcal/isr_bridge.o
 .debug_frame   0x0000000000000754      0x120 ./Drivers/custom_driver/mcal/tim/tim.o
 .debug_frame   0x0000000000000874       0x38 ./Drivers/custom_driver/mcal/uart/uart.o
 .debug_frame   0x00000000000008ac       0x2c /app/stm32cubeide/plugins/com.st.stm32cube.ide.mcu.externaltools.gnu-tools-for-stm32.10.3-2021.10.linux64_1.0.200.202301161003/tools/bin/../lib/gcc/arm-none-eabi/10.3.1/../../../../arm-none-eabi/lib/thumb/v7-m/nofp/libc_nano.a(lib_a-init.o)
